// Jest Snapshot v1, https://goo.gl/fbAQLP

exports[`Table snapshots 1`] = `
<div
  className="table"
>
  <div
    className="table-header"
  >
    <span
      style={
        Object {
          "width": "10%",
        }
      }
    >
      <button
        className="button-inline"
        onClick={[Function]}
        type="button"
      >
        AlertId
      </button>
    </span>
    <span
      style={
        Object {
          "width": "30%",
        }
      }
    >
      <button
        className="button-inline"
        onClick={[Function]}
        type="button"
      >
        AlertTime
      </button>
    </span>
    <span
      style={
        Object {
          "width": "10%",
        }
      }
    >
      <button
        className="button-inline"
        onClick={[Function]}
        type="button"
      >
        Severity
      </button>
    </span>
    <span
      style={
        Object {
          "width": "30%",
        }
      }
    >
      <button
        className="button-inline"
        onClick={[Function]}
        type="button"
      >
        ClientIP
      </button>
    </span>
    <span
      style={
        Object {
          "width": "30%",
        }
      }
    >
      <button
        className="button-inline"
        onClick={[Function]}
        type="button"
      >
        ServerIP
      </button>
    </span>
    <span
      style={
        Object {
          "width": "10%",
        }
      }
    >
      <button
        className="button-inline"
        onClick={[Function]}
        type="button"
      >
        Protocol
      </button>
    </span>
    <span
      style={
        Object {
          "width": "30%",
        }
      }
    >
      <button
        className="button-inline"
        onClick={[Function]}
        type="button"
      >
        ClientCountry
      </button>
    </span>
  </div>
  <div
    className="table-row"
    onClick={[Function]}
  >
    <span
      style={
        Object {
          "width": "10%",
        }
      }
    >
      24859
    </span>
    <span
      style={
        Object {
          "width": "30%",
        }
      }
    >
      2018-02-26 07:59:22
    </span>
    <span
      style={
        Object {
          "width": "10%",
        }
      }
    >
      Low
    </span>
    <span
      style={
        Object {
          "width": "30%",
        }
      }
    >
      155.175.121.134
    </span>
    <span
      style={
        Object {
          "width": "30%",
        }
      }
    >
      154.224.236.156
    </span>
    <span
      style={
        Object {
          "width": "10%",
        }
      }
    >
      SMTP
    </span>
    <span
      style={
        Object {
          "width": "30%",
        }
      }
    >
      Canada
    </span>
  </div>
  <div
    className="table-row"
    onClick={[Function]}
  >
    <span
      style={
        Object {
          "width": "10%",
        }
      }
    >
      24860
    </span>
    <span
      style={
        Object {
          "width": "30%",
        }
      }
    >
      2018-02-21 15:28:26
    </span>
    <span
      style={
        Object {
          "width": "10%",
        }
      }
    >
      Medium
    </span>
    <span
      style={
        Object {
          "width": "30%",
        }
      }
    >
      66.78.200.140
    </span>
    <span
      style={
        Object {
          "width": "30%",
        }
      }
    >
      142.6.126.64
    </span>
    <span
      style={
        Object {
          "width": "10%",
        }
      }
    >
      HTTP
    </span>
    <span
      style={
        Object {
          "width": "30%",
        }
      }
    >
      Germany
    </span>
  </div>
</div>
`;
